// Jest Snapshot v1, https://goo.gl/fbAQLP

exports[`renders Footer snapshot 1`] = `
<footer
  className="p-6 bg-gray-200 text-center"
  data-testid="footer"
>
  <span
    className="text-sm m-auto text-gray-500"
  >
    © 2022 
    <a
      className="hover:underline"
      href="/"
    >
      XYZ™
    </a>
    . All Rights Reserved.
  </span>
</footer>
`;
